// Jest Snapshot v1, https://goo.gl/fbAQLP

exports[`renders correctly 1`] = `
<div>
  <h2>
    Everything you can imagine is real. â€“ Pablo Picasso
  </h2>
</div>
`;
